// Jest Snapshot v1, https://goo.gl/fbAQLP

exports[`<PageProperties /> snapshot test should be rendered correctly with an unauthorized user 1`] = `
<div
  class="page"
>
  <header
    class="header"
  >
    <div
      class="container"
    >
      <div
        class="header__wrapper"
      >
        <div
          class="header__left"
        >
          <a
            class="header__logo-link"
            href="/"
          >
            <img
              alt="6 cities logo"
              class="header__logo"
              height="41"
              src="/img/logo.svg"
              width="81"
            />
          </a>
        </div>
        <nav
          class="header__nav"
        >
          <ul
            class="header__nav-list"
          >
            <li
              class="header__nav-item user"
            >
              <a
                class="header__nav-link header__nav-link--profile"
                href="/login"
              >
                <div
                  class="header__avatar-wrapper  user__avatar-wrapper"
                />
                <span
                  class="header__login"
                >
                  Sign in
                </span>
              </a>
            </li>
          </ul>
        </nav>
      </div>
    </div>
  </header>
  <main
    class="page__main page__main--property"
  >
    <section
      class="property"
    >
      <div
        class="property__gallery-container container"
      >
        <div
          class="property__gallery"
        >
          <div
            class="property__image-wrapper"
          >
            <img
              alt="Photo studio"
              class="property__image"
              src="picture-2"
            />
          </div>
          <div
            class="property__image-wrapper"
          >
            <img
              alt="Photo studio"
              class="property__image"
              src="picture-3"
            />
          </div>
          <div
            class="property__image-wrapper"
          >
            <img
              alt="Photo studio"
              class="property__image"
              src="picture-4"
            />
          </div>
          <div
            class="property__image-wrapper"
          >
            <img
              alt="Photo studio"
              class="property__image"
              src="picture-5"
            />
          </div>
          <div
            class="property__image-wrapper"
          >
            <img
              alt="Photo studio"
              class="property__image"
              src="picture-6"
            />
          </div>
        </div>
      </div>
      <div
        class="property__container container"
      >
        <div
          class="property__wrapper"
        >
          <div
            class="property__mark"
          >
            <span>
              Premium
            </span>
          </div>
          <div
            class="property__name-wrapper"
          >
            <h1
              class="property__name"
            >
              title
            </h1>
            <a
              class="property__bookmark-button button"
              href="/login"
              type="button"
            >
              <svg
                class="property__bookmark-icon"
                height="33"
                width="31"
              >
                <use
                  xlink:href="#icon-bookmark"
                />
              </svg>
              <span
                class="visually-hidden"
              >
                To bookmarks
              </span>
            </a>
          </div>
          <div
            class="property__rating rating"
          >
            <div
              class="property__stars rating__stars"
            >
              <span
                style="width: 20%;"
              />
              <span
                class="visually-hidden"
              >
                Rating
              </span>
            </div>
            <span
              class="property__rating-value rating__value"
            >
              1
            </span>
          </div>
          <ul
            class="property__features"
          >
            <li
              class="property__feature property__feature--entire"
            >
              room
            </li>
            <li
              class="property__feature property__feature--bedrooms"
            >
              1
               Bedrooms
            </li>
            <li
              class="property__feature property__feature--adults"
            >
              Max 
              1
               adults
            </li>
          </ul>
          <div
            class="property__price"
          >
            <b
              class="property__price-value"
            >
              €
              123
            </b>
            <span
              class="property__price-text"
            >
               night
            </span>
          </div>
          <div
            class="property__inside"
          >
            <h2
              class="property__inside-title"
            >
              What's inside
            </h2>
            <ul
              class="property__inside-list"
            >
              <li
                class="property__inside-item"
              >
                insideFeatures
              </li>
            </ul>
          </div>
          <div
            class="property__host"
          >
            <h2
              class="property__host-title"
            >
              descriptionTitle
            </h2>
            <div
              class="property__host-user user"
            >
              <div
                class="property__avatar-wrapper property__avatar-wrapper--pro user__avatar-wrapper"
              >
                <img
                  alt="Host avatar"
                  class="property__avatar user__avatar"
                  height="74"
                  src="/userPicture"
                  width="74"
                />
              </div>
              <span
                class="property__user-name"
              >
                userName
              </span>
            </div>
            <div
              class="property__description"
            >
              <p
                class="property__text"
              >
                description
              </p>
            </div>
          </div>
          <section
            class="property__reviews reviews"
          >
            <h2
              class="reviews__title"
            >
              Reviews · 
              <span
                class="reviews__amount"
              >
                0
              </span>
            </h2>
            <ul
              class="reviews__list"
            />
          </section>
        </div>
      </div>
      <section
        class="property__map map"
      >
        <div
          class="leaflet-container leaflet-grab leaflet-touch-drag"
          id="map"
          style="width: 100%; height: 100%; position: relative;"
          tabindex="0"
        >
          <div
            class="leaflet-pane leaflet-map-pane"
            style="left: 0px; top: 0px;"
          >
            <div
              class="leaflet-pane leaflet-tile-pane"
            >
              <div
                class="leaflet-layer "
                style="z-index: 1;"
              >
                <div
                  class="leaflet-tile-container leaflet-zoom-animated"
                  style="z-index: 18; left: 0px; top: 0px;"
                >
                  <img
                    alt=""
                    class="leaflet-tile"
                    role="presentation"
                    src="https://b.basemaps.cartocdn.com/rastertiles/voyager_labels_under/1/1/0{@2x}.png"
                    style="width: 256px; height: 256px; left: -3px; top: -255px;"
                  />
                </div>
              </div>
            </div>
            <div
              class="leaflet-pane leaflet-shadow-pane"
            />
            <div
              class="leaflet-pane leaflet-overlay-pane"
            />
            <div
              class="leaflet-pane leaflet-marker-pane"
            >
              <img
                alt=""
                class="leaflet-marker-icon leaflet-zoom-hide leaflet-interactive"
                src="img/pin.svg"
                style="margin-left: -13.5px; margin-top: -19.5px; width: 27px; height: 39px; left: 155px; top: -15px; z-index: -15;"
                tabindex="0"
              />
              <img
                alt=""
                class="leaflet-marker-icon leaflet-zoom-hide leaflet-interactive"
                src="img/pin.svg"
                style="margin-left: -13.5px; margin-top: -19.5px; width: 27px; height: 39px; left: 313px; top: -31px; z-index: -31;"
                tabindex="0"
              />
              <img
                alt=""
                class="leaflet-marker-icon leaflet-zoom-hide leaflet-interactive"
                src="img/pin.svg"
                style="margin-left: -13.5px; margin-top: -19.5px; width: 27px; height: 39px; left: 471px; top: -49px; z-index: -49;"
                tabindex="0"
              />
            </div>
            <div
              class="leaflet-pane leaflet-tooltip-pane"
            />
            <div
              class="leaflet-pane leaflet-popup-pane"
            />
          </div>
          <div
            class="leaflet-control-container"
          >
            <div
              class="leaflet-top leaflet-left"
            />
            <div
              class="leaflet-top leaflet-right"
            />
            <div
              class="leaflet-bottom leaflet-left"
            />
            <div
              class="leaflet-bottom leaflet-right"
            >
              <div
                class="leaflet-control-attribution leaflet-control"
              >
                <a
                  href="https://leafletjs.com"
                  title="A JS library for interactive maps"
                >
                  Leaflet
                </a>
              </div>
            </div>
          </div>
        </div>
      </section>
    </section>
    <div
      class="container"
    >
      <section
        class="near-places places"
      >
        <h2
          class="near-places__title"
        >
          Other places in the neighbourhood
        </h2>
        <div
          class="near-places__list places__list"
        >
          <div
            class="near-places__list places__list"
          >
            <article
              class="near-places__card place-card"
            >
              <div
                class="near-places__image-wrapper place-card__image-wrapper"
              >
                <a
                  href="#"
                >
                  <img
                    alt="Place image"
                    class="place-card__image"
                    height="200"
                    src="picture-1"
                    width="260"
                  />
                </a>
              </div>
              <div
                class=" place-card__info"
              >
                <div
                  class="place-card__price-wrapper"
                >
                  <div
                    class="place-card__price"
                  >
                    <b
                      class="place-card__price-value"
                    >
                      €
                      1
                    </b>
                    <span
                      class="place-card__price-text"
                    >
                      / night
                    </span>
                  </div>
                  <a
                    class="place-card__bookmark-button button"
                    href="/login"
                  >
                    <svg
                      class="place-card__bookmark-icon"
                      height="19"
                      width="18"
                    >
                      <use
                        xlink:href="#icon-bookmark"
                      />
                    </svg>
                    <span
                      class="visually-hidden"
                    >
                      To bookmarks
                    </span>
                  </a>
                </div>
                <div
                  class="place-card__rating rating"
                >
                  <div
                    class="place-card__stars rating__stars"
                  >
                    <span
                      style="width: 20%;"
                    />
                    <span
                      class="visually-hidden"
                    >
                      Rating
                    </span>
                  </div>
                </div>
                <h2
                  class="place-card__name"
                >
                  <a
                    href="/offer/1"
                  >
                    title-1
                  </a>
                </h2>
                <p
                  class="place-card__type"
                >
                  room
                </p>
              </div>
            </article>
            <article
              class="near-places__card place-card"
            >
              <div
                class="near-places__image-wrapper place-card__image-wrapper"
              >
                <a
                  href="#"
                >
                  <img
                    alt="Place image"
                    class="place-card__image"
                    height="200"
                    src="picture-2"
                    width="260"
                  />
                </a>
              </div>
              <div
                class=" place-card__info"
              >
                <div
                  class="place-card__price-wrapper"
                >
                  <div
                    class="place-card__price"
                  >
                    <b
                      class="place-card__price-value"
                    >
                      €
                      2
                    </b>
                    <span
                      class="place-card__price-text"
                    >
                      / night
                    </span>
                  </div>
                  <a
                    class="place-card__bookmark-button button"
                    href="/login"
                  >
                    <svg
                      class="place-card__bookmark-icon"
                      height="19"
                      width="18"
                    >
                      <use
                        xlink:href="#icon-bookmark"
                      />
                    </svg>
                    <span
                      class="visually-hidden"
                    >
                      To bookmarks
                    </span>
                  </a>
                </div>
                <div
                  class="place-card__rating rating"
                >
                  <div
                    class="place-card__stars rating__stars"
                  >
                    <span
                      style="width: 20%;"
                    />
                    <span
                      class="visually-hidden"
                    >
                      Rating
                    </span>
                  </div>
                </div>
                <h2
                  class="place-card__name"
                >
                  <a
                    href="/offer/2"
                  >
                    title-2
                  </a>
                </h2>
                <p
                  class="place-card__type"
                >
                  room
                </p>
              </div>
            </article>
            <article
              class="near-places__card place-card"
            >
              <div
                class="near-places__image-wrapper place-card__image-wrapper"
              >
                <a
                  href="#"
                >
                  <img
                    alt="Place image"
                    class="place-card__image"
                    height="200"
                    src="picture-3"
                    width="260"
                  />
                </a>
              </div>
              <div
                class=" place-card__info"
              >
                <div
                  class="place-card__price-wrapper"
                >
                  <div
                    class="place-card__price"
                  >
                    <b
                      class="place-card__price-value"
                    >
                      €
                      3
                    </b>
                    <span
                      class="place-card__price-text"
                    >
                      / night
                    </span>
                  </div>
                  <a
                    class="place-card__bookmark-button button"
                    href="/login"
                  >
                    <svg
                      class="place-card__bookmark-icon"
                      height="19"
                      width="18"
                    >
                      <use
                        xlink:href="#icon-bookmark"
                      />
                    </svg>
                    <span
                      class="visually-hidden"
                    >
                      To bookmarks
                    </span>
                  </a>
                </div>
                <div
                  class="place-card__rating rating"
                >
                  <div
                    class="place-card__stars rating__stars"
                  >
                    <span
                      style="width: 20%;"
                    />
                    <span
                      class="visually-hidden"
                    >
                      Rating
                    </span>
                  </div>
                </div>
                <h2
                  class="place-card__name"
                >
                  <a
                    href="/offer/3"
                  >
                    title-3
                  </a>
                </h2>
                <p
                  class="place-card__type"
                >
                  room
                </p>
              </div>
            </article>
          </div>
        </div>
      </section>
    </div>
  </main>
</div>
`;
