// Jest Snapshot v1, https://goo.gl/fbAQLP

exports[`<Map /> should be render correctly with activeCoord 1`] = `
<Map
  activeCoord={
    Array [
      52.377304,
      4.903076,
    ]
  }
  centerCoord={
    Array [
      52.38333,
      4.9,
    ]
  }
  offersCoord={
    Array [
      Array [
        52.359385,
        4.879898,
      ],
      Array [
        52.353995,
        4.911789,
      ],
      Array [
        52.377303,
        4.903075,
      ],
    ]
  }
/>
`;
