// Jest Snapshot v1, https://goo.gl/fbAQLP

exports[`<OffersMap /> should be render correctly with activeCoord 1`] = `
<div
  class="leaflet-container leaflet-grab leaflet-touch-drag"
  id="map"
  style="width: 100%; height: 100%; position: relative;"
  tabindex="0"
>
  <div
    class="leaflet-pane leaflet-map-pane"
    style="left: 0px; top: 0px;"
  >
    <div
      class="leaflet-pane leaflet-tile-pane"
    >
      <div
        class="leaflet-layer "
        style="z-index: 1;"
      >
        <div
          class="leaflet-tile-container leaflet-zoom-animated"
          style="z-index: 18; left: 0px; top: 0px;"
        >
          <img
            alt=""
            class="leaflet-tile"
            role="presentation"
            src="https://c.basemaps.cartocdn.com/rastertiles/voyager_labels_under/16/33660/21533{@2x}.png"
            style="width: 256px; height: 256px; left: -5px; top: -178px;"
          />
        </div>
      </div>
    </div>
    <div
      class="leaflet-pane leaflet-shadow-pane"
    />
    <div
      class="leaflet-pane leaflet-overlay-pane"
    />
    <div
      class="leaflet-pane leaflet-marker-pane"
    >
      <img
        alt=""
        class="leaflet-marker-icon leaflet-zoom-hide leaflet-interactive"
        src="img/pin.svg"
        style="margin-left: -13.5px; margin-top: -19.5px; width: 27px; height: 39px; left: -937px; top: 1828px; z-index: 1828;"
        tabindex="0"
      />
      <img
        alt=""
        class="leaflet-marker-icon leaflet-zoom-hide leaflet-interactive"
        src="img/pin.svg"
        style="margin-left: -13.5px; margin-top: -19.5px; width: 27px; height: 39px; left: 549px; top: 2239px; z-index: 2239;"
        tabindex="0"
      />
      <img
        alt=""
        class="leaflet-marker-icon leaflet-zoom-hide leaflet-interactive"
        src="img/pin.svg"
        style="margin-left: -13.5px; margin-top: -19.5px; width: 27px; height: 39px; left: 143px; top: 460px; z-index: 460;"
        tabindex="0"
      />
      <img
        alt=""
        class="leaflet-marker-icon leaflet-zoom-hide leaflet-interactive"
        src="img/pin-active.svg"
        style="margin-left: -13.5px; margin-top: -19.5px; width: 27px; height: 39px; left: 143px; top: 460px; z-index: 460;"
        tabindex="0"
      />
    </div>
    <div
      class="leaflet-pane leaflet-tooltip-pane"
    />
    <div
      class="leaflet-pane leaflet-popup-pane"
    />
  </div>
  <div
    class="leaflet-control-container"
  >
    <div
      class="leaflet-top leaflet-left"
    />
    <div
      class="leaflet-top leaflet-right"
    />
    <div
      class="leaflet-bottom leaflet-left"
    />
    <div
      class="leaflet-bottom leaflet-right"
    >
      <div
        class="leaflet-control-attribution leaflet-control"
      >
        <a
          href="https://leafletjs.com"
          title="A JS library for interactive maps"
        >
          Leaflet
        </a>
      </div>
    </div>
  </div>
</div>
`;
