// Jest Snapshot v1, https://goo.gl/fbAQLP

exports[`<CityList /> should be render correctly 1`] = `
<ul
  className="locations__list tabs__list"
  onClick={null}
>
  <li
    className="locations__item"
  >
    <a
      className="locations__item-link tabs__item "
      href="#"
    >
      <span
        data-index={0}
      >
        city1
      </span>
    </a>
  </li>
  <li
    className="locations__item"
  >
    <a
      className="locations__item-link tabs__item tabs__item--active"
      href="#"
    >
      <span
        data-index={1}
      >
        city2
      </span>
    </a>
  </li>
  <li
    className="locations__item"
  >
    <a
      className="locations__item-link tabs__item "
      href="#"
    >
      <span
        data-index={2}
      >
        city3
      </span>
    </a>
  </li>
  <li
    className="locations__item"
  >
    <a
      className="locations__item-link tabs__item "
      href="#"
    >
      <span
        data-index={3}
      >
        city4
      </span>
    </a>
  </li>
  <li
    className="locations__item"
  >
    <a
      className="locations__item-link tabs__item "
      href="#"
    >
      <span
        data-index={4}
      >
        city5
      </span>
    </a>
  </li>
</ul>
`;
